// Vitest Snapshot v1, https://vitest.dev/guide/snapshot.html

exports[`compile > ast format 1`] = `
{
  "backslash-backslash": {
    "b": {
      "i": [
        {
          "t": 3,
        },
      ],
      "s": "\\\\\\\\",
      "t": 2,
    },
    "t": 0,
  },
  "backslash-single-quote": {
    "b": {
      "i": [
        {
          "t": 3,
        },
      ],
      "s": "\\\\'",
      "t": 2,
    },
    "t": 0,
  },
  "complex": {
    "warnings": [
      {
        "b": {
          "i": [
            {
              "t": 3,
            },
          ],
          "s": "NOTE: This is warning",
          "t": 2,
        },
        "t": 0,
      },
      {
        "named-waring": {
          "b": {
            "i": [
              {
                "t": 3,
                "v": "this is ",
              },
              {
                "k": "type",
                "t": 4,
              },
              {
                "t": 3,
                "v": " warining",
              },
            ],
            "t": 2,
          },
          "t": 0,
        },
      },
    ],
  },
  "emoji": {
    "b": {
      "i": [
        {
          "t": 3,
        },
      ],
      "s": "üò∫",
      "t": 2,
    },
    "t": 0,
  },
  "errors": [
    {
      "b": {
        "i": [
          {
            "t": 3,
          },
        ],
        "s": "ERROR1001",
        "t": 2,
      },
      "t": 0,
    },
    {
      "b": {
        "i": [
          {
            "t": 3,
          },
        ],
        "s": "ERROR1002",
        "t": 2,
      },
      "t": 0,
    },
  ],
  "hi": {
    "b": {
      "i": [
        {
          "t": 3,
        },
      ],
      "s": "hi there!",
      "t": 2,
    },
    "t": 0,
  },
  "nested": {
    "hello": {
      "b": {
        "i": [
          {
            "t": 3,
          },
        ],
        "s": "hello world!",
        "t": 2,
      },
      "t": 0,
    },
    "list": {
      "b": {
        "i": [
          {
            "t": 3,
            "v": "hi, ",
          },
          {
            "i": 0,
            "t": 5,
          },
          {
            "t": 3,
            "v": " !",
          },
        ],
        "t": 2,
      },
      "t": 0,
    },
    "more": {
      "plural": {
        "b": {
          "c": [
            {
              "i": [
                {
                  "k": {
                    "t": 9,
                    "v": "no apples",
                  },
                  "m": {
                    "t": 8,
                    "v": "caml",
                  },
                  "t": 6,
                },
              ],
              "t": 2,
            },
            {
              "i": [
                {
                  "i": 0,
                  "t": 5,
                },
                {
                  "t": 3,
                  "v": " apple",
                },
              ],
              "t": 2,
            },
            {
              "i": [
                {
                  "k": "n",
                  "t": 4,
                },
                {
                  "t": 3,
                  "v": " apples",
                },
              ],
              "t": 2,
            },
          ],
          "t": 1,
        },
        "t": 0,
      },
    },
  },
  "single-quote": {
    "b": {
      "i": [
        {
          "t": 3,
        },
      ],
      "s": "I don't know!",
      "t": 2,
    },
    "t": 0,
  },
  "unicode": {
    "b": {
      "i": [
        {
          "t": 3,
        },
      ],
      "s": "A",
      "t": 2,
    },
    "t": 0,
  },
  "unicode-escape": {
    "b": {
      "i": [
        {
          "t": 3,
        },
      ],
      "s": "\\\\u0041",
      "t": 2,
    },
    "t": 0,
  },
  "„Åì„Çì„Å´„Å°„ÅØ": {
    "b": {
      "i": [
        {
          "t": 3,
        },
      ],
      "s": "„Åì„Çì„Å´„Å°„ÅØÔºÅ",
      "t": 2,
    },
    "t": 0,
  },
}
`;
